{"ts": "2026-09-24 17:16:26", "user": "admin", "action": "login", "entity": "auth", "ref": "", "detail": ""}
{"ts": "2026-09-24 17:17:37", "user": "admin", "action": "logout", "entity": "auth", "ref": "", "detail": ""}
{"ts": "2026-09-24 17:19:32", "user": "Nonnaphatzaza", "action": "register", "entity": "users", "ref": "2", "detail": ""}
{"ts": "2026-09-24 17:38:13", "user": "Nonnaphatzaza", "action": "logout", "entity": "auth", "ref": "", "detail": ""}
{"ts": "2026-09-24 17:38:22", "user": "admin", "action": "login", "entity": "auth", "ref": "", "detail": ""}
{"ts": "2026-09-24 17:38:47", "user": "Nonnaphatzaza", "action": "login", "entity": "auth", "ref": "", "detail": ""}
{"ts": "2026-09-24 17:39:04", "user": "admin", "action": "update", "entity": "queue", "ref": "2", "detail": "status: waiting → seated"}
{"ts": "2026-09-24 17:39:06", "user": "admin", "action": "update", "entity": "queue", "ref": "1", "detail": "status: waiting → seated"}
{"ts": "2026-09-24 17:41:58", "user": "admin", "action": "update", "entity": "users", "ref": "1", "detail": "username: admin → Administator, points: 0 → 999, เปลี่ยนรหัสผ่าน"}
{"ts": "2026-09-24 17:42:28", "user": "Administator", "action": "logout", "entity": "auth", "ref": "", "detail": ""}
{"ts": "2026-09-24 17:42:59", "user": "CashierUser1", "action": "register", "entity": "users", "ref": "3", "detail": ""}
{"ts": "2026-09-24 17:43:04", "user": "CashierUser1", "action": "logout", "entity": "auth", "ref": "", "detail": ""}
{"ts": "2026-09-24 17:43:06", "user": "Administator", "action": "login", "entity": "auth", "ref": "", "detail": ""}
{"ts": "2026-09-24 17:43:11", "user": "Administator", "action": "update", "entity": "users", "ref": "3", "detail": "role: customer → cashier"}
{"ts": "2026-09-24 17:43:13", "user": "Administator", "action": "logout", "entity": "auth", "ref": "", "detail": ""}
{"ts": "2026-09-24 17:43:15", "user": "CashierUser1", "action": "login", "entity": "auth", "ref": "", "detail": ""}
{"ts": "2026-09-24 17:44:19", "user": "CashierUser1", "action": "table_status", "entity": "tables", "ref": "1", "detail": "T1 → occupied"}
{"ts": "2026-09-24 17:44:19", "user": "CashierUser1", "action": "table_status", "entity": "tables", "ref": "1", "detail": "T1 → billing"}
{"ts": "2026-09-24 17:44:20", "user": "CashierUser1", "action": "table_status", "entity": "tables", "ref": "1", "detail": "T1 → billing"}
{"ts": "2026-09-24 17:44:21", "user": "CashierUser1", "action": "table_status", "entity": "tables", "ref": "1", "detail": "T1 → occupied"}
{"ts": "2026-09-24 17:44:22", "user": "CashierUser1", "action": "table_status", "entity": "tables", "ref": "1", "detail": "T1 → occupied"}
{"ts": "2026-09-24 17:44:23", "user": "CashierUser1", "action": "table_status", "entity": "tables", "ref": "1", "detail": "T1 → occupied"}
{"ts": "2026-09-24 17:44:59", "user": "CashierUser1", "action": "checkout", "entity": "bills", "ref": "1", "detail": "R20260924-0001 T1 ฿200.09 (qr)"}
{"ts": "2026-09-24 17:45:08", "user": "CashierUser1", "action": "logout", "entity": "auth", "ref": "", "detail": ""}
{"ts": "2026-09-24 17:45:10", "user": "Nonnaphatzaza", "action": "login", "entity": "auth", "ref": "", "detail": ""}
{"ts": "2026-09-24 17:53:28", "user": "Nonnaphatzaza", "action": "logout", "entity": "auth", "ref": "", "detail": ""}
{"ts": "2026-09-24 17:53:31", "user": "Administator", "action": "login", "entity": "auth", "ref": "", "detail": ""}
{"ts": "2026-09-24 17:53:57", "user": "Administator", "action": "delete", "entity": "queue", "ref": "1", "detail": "นายไก่กะป๊อกๆ"}
{"ts": "2026-09-24 17:54:00", "user": "Administator", "action": "delete", "entity": "queue", "ref": "2", "detail": "Nonnaphat"}
{"ts": "2026-09-24 19:26:44", "user": "Administator", "action": "logout", "entity": "auth", "ref": "", "detail": ""}
{"ts": "2026-09-24 19:29:00", "user": "Administator", "action": "login", "entity": "auth", "ref": "", "detail": ""}
{"ts": "2026-09-24 19:30:19", "user": "Administator", "action": "logout", "entity": "auth", "ref": "", "detail": ""}
{"ts": "2026-09-24 19:30:37", "user": "Administator", "action": "login", "entity": "auth", "ref": "", "detail": ""}
{"ts": "2026-09-24 19:32:29", "user": "Administator", "action": "logout", "entity": "auth", "ref": "", "detail": ""}
{"ts": "2026-09-24 19:32:31", "user": "CashierUser1", "action": "login", "entity": "auth", "ref": "", "detail": ""}
{"ts": "2026-09-24 19:32:41", "user": "CashierUser1", "action": "logout", "entity": "auth", "ref": "", "detail": ""}
{"ts": "2026-09-24 19:32:43", "user": "Nonnaphatzaza", "action": "login", "entity": "auth", "ref": "", "detail": ""}
{"ts": "2026-09-24 19:32:52", "user": "Nonnaphatzaza", "action": "logout", "entity": "auth", "ref": "", "detail": ""}
{"ts": "2026-09-24 19:32:56", "user": "Administator", "action": "login", "entity": "auth", "ref": "", "detail": ""}
{"ts": "2026-09-24 19:33:16", "user": "Administator", "action": "upload", "entity": "menu", "ref": "647fbac8c9ed4ee5a50e1a394223b311.jpg", "detail": ""}
{"ts": "2026-09-24 19:33:17", "user": "Administator", "action": "update", "entity": "menu", "ref": "1", "detail": "image:  → 647fbac8c9ed4ee5a50e1a394223b311.jpg"}
{"ts": "2026-09-24 19:33:21", "user": "Administator", "action": "logout", "entity": "auth", "ref": "", "detail": ""}
{"ts": "2026-09-24 19:33:25", "user": "Nonnaphatzaza", "action": "login", "entity": "auth", "ref": "", "detail": ""}
{"ts": "2026-09-24 19:33:40", "user": "Nonnaphatzaza", "action": "logout", "entity": "auth", "ref": "", "detail": ""}
{"ts": "2026-09-24 19:33:44", "user": "Administator", "action": "login", "entity": "auth", "ref": "", "detail": ""}
{"ts": "2026-09-24 19:34:07", "user": "Administator", "action": "create", "entity": "ingredients", "ref": "6", "detail": "ผงชาไทย"}
{"ts": "2026-09-24 19:34:43", "user": "Administator", "action": "create", "entity": "menu", "ref": "7", "detail": "ชาไทย"}
{"ts": "2026-09-24 19:36:10", "user": "Administator", "action": "upload", "entity": "menu", "ref": "0e25d49ea3f54dde85cdafebf1696860.jpg", "detail": ""}
{"ts": "2026-09-24 19:36:10", "user": "Administator", "action": "update", "entity": "menu", "ref": "7", "detail": "image:  → 0e25d49ea3f54dde85cdafebf1696860.jpg"}
{"ts": "2026-09-24 19:36:31", "user": "Administator", "action": "create", "entity": "ingredients", "ref": "7", "detail": "นมสด"}
{"ts": "2026-09-24 19:36:40", "user": "Administator", "action": "update", "entity": "menu", "ref": "7", "detail": "แก้สูตรอาหาร"}
{"ts": "2026-09-24 19:36:47", "user": "Administator", "action": "update", "entity": "ingredients", "ref": "7", "detail": "stock: 10000.0 → 50000.0"}
{"ts": "2026-09-24 19:37:47", "user": "Administator", "action": "logout", "entity": "auth", "ref": "", "detail": ""}
{"ts": "2026-09-24 19:38:57", "user": "Nonnaphatzaza", "action": "logout", "entity": "auth", "ref": "", "detail": ""}
{"ts": "2026-09-24 19:39:49", "user": "Administator", "action": "login", "entity": "auth", "ref": "", "detail": ""}
{"ts": "2026-09-24 19:40:03", "user": "Administator", "action": "upload", "entity": "menu", "ref": "4b419377901a4aa38d2442b883ca5a2c.jpg", "detail": ""}
{"ts": "2026-09-24 19:40:04", "user": "Administator", "action": "update", "entity": "menu", "ref": "4", "detail": "image:  → 4b419377901a4aa38d2442b883ca5a2c.jpg"}
{"ts": "2026-09-24 19:42:02", "user": "Administator", "action": "update", "entity": "settings", "ref": "", "detail": "vat=7.0, service=10.0, point_per_baht=10.0, egg_price=10.0, size_price=10.0"}
{"ts": "2026-09-24 19:42:09", "user": "Administator", "action": "logout", "entity": "auth", "ref": "", "detail": ""}
{"ts": "2026-09-24 19:42:13", "user": "CashierUser1", "action": "login", "entity": "auth", "ref": "", "detail": ""}
{"ts": "2026-09-24 19:42:21", "user": "CashierUser1", "action": "logout", "entity": "auth", "ref": "", "detail": ""}
{"ts": "2026-09-24 19:42:24", "user": "Administator", "action": "login", "entity": "auth", "ref": "", "detail": ""}
{"ts": "2026-09-24 19:56:09", "user": "Administator", "action": "upload", "entity": "menu", "ref": "d1c68db7bf594e4dbb94f1ed35c87450.jpg", "detail": ""}
{"ts": "2026-09-24 19:56:11", "user": "Administator", "action": "update", "entity": "menu", "ref": "3", "detail": "image:  → d1c68db7bf594e4dbb94f1ed35c87450.jpg"}
{"ts": "2026-09-24 19:59:07", "user": "Administator", "action": "upload", "entity": "menu", "ref": "11ac4cd8ebf84296b1d32c1ab50a6dfc.jpg", "detail": ""}
{"ts": "2026-09-24 19:59:08", "user": "Administator", "action": "update", "entity": "menu", "ref": "2", "detail": "image:  → 11ac4cd8ebf84296b1d32c1ab50a6dfc.jpg"}
{"ts": "2026-09-24 20:00:45", "user": "Administator", "action": "upload", "entity": "menu", "ref": "97a1f62769ff4c4786067a18c42aad49.jpg", "detail": ""}
{"ts": "2026-09-24 20:00:46", "user": "Administator", "action": "update", "entity": "menu", "ref": "5", "detail": "image:  → 97a1f62769ff4c4786067a18c42aad49.jpg"}
{"ts": "2026-09-24 20:01:27", "user": "Administator", "action": "upload", "entity": "menu", "ref": "cd983e02d38b492497b05cadaa661620.jpg", "detail": ""}
{"ts": "2026-09-24 20:01:28", "user": "Administator", "action": "update", "entity": "menu", "ref": "6", "detail": "image:  → cd983e02d38b492497b05cadaa661620.jpg"}
{"ts": "2026-09-24 20:07:19", "user": "Administator", "action": "logout", "entity": "auth", "ref": "", "detail": ""}
{"ts": "2026-09-24 20:27:25", "user": "testuser1234", "action": "register", "entity": "users", "ref": "4", "detail": ""}
{"ts": "2026-09-24 20:27:50", "user": "testuser1234", "action": "logout", "entity": "auth", "ref": "", "detail": ""}
{"ts": "2026-09-24 20:27:57", "user": "Administator", "action": "login", "entity": "auth", "ref": "", "detail": ""}
{"ts": "2026-09-24 20:28:09", "user": "Nonnaphatzaza", "action": "login", "entity": "auth", "ref": "", "detail": ""}
{"ts": "2026-09-24 20:28:36", "user": "Administator", "action": "logout", "entity": "auth", "ref": "", "detail": ""}
{"ts": "2026-09-24 20:28:40", "user": "CashierUser1", "action": "login", "entity": "auth", "ref": "", "detail": ""}
{"ts": "2026-09-24 20:28:55", "user": "CashierUser1", "action": "update", "entity": "queue", "ref": "3", "detail": "status: waiting → seated"}
{"ts": "2026-09-24 20:29:01", "user": "CashierUser1", "action": "table_status", "entity": "tables", "ref": "1", "detail": "T1 → occupied"}
{"ts": "2026-09-24 20:29:05", "user": "CashierUser1", "action": "table_status", "entity": "tables", "ref": "1", "detail": "T1 → occupied"}
{"ts": "2026-09-24 20:29:07", "user": "CashierUser1", "action": "table_status", "entity": "tables", "ref": "1", "detail": "T1 → occupied"}
{"ts": "2026-09-24 20:29:11", "user": "CashierUser1", "action": "logout", "entity": "auth", "ref": "", "detail": ""}
{"ts": "2026-09-24 20:29:13", "user": "Administator", "action": "login", "entity": "auth", "ref": "", "detail": ""}
{"ts": "2026-09-24 20:30:27", "user": "Administator", "action": "logout", "entity": "auth", "ref": "", "detail": ""}
{"ts": "2026-09-24 20:30:30", "user": "CashierUser1", "action": "login", "entity": "auth", "ref": "", "detail": ""}
{"ts": "2026-09-24 20:31:35", "user": "CashierUser1", "action": "checkout", "entity": "bills", "ref": "2", "detail": "R20260924-0002 T1 ฿741.51 (cash)"}
{"ts": "2026-09-24 20:32:57", "user": "CashierUser1", "action": "logout", "entity": "auth", "ref": "", "detail": ""}
{"ts": "2026-09-24 20:33:00", "user": "Administator", "action": "login", "entity": "auth", "ref": "", "detail": ""}
{"ts": "2026-09-24 20:34:36", "user": "Administator", "action": "create", "entity": "ingredients", "ref": "8", "detail": "เส้นพาสต้า"}
{"ts": "2026-09-24 20:34:39", "user": "Administator", "action": "delete", "entity": "ingredients", "ref": "8", "detail": "เส้นพาสต้า"}
{"ts": "2026-09-24 20:34:56", "user": "Administator", "action": "update", "entity": "users", "ref": "4", "detail": "role: customer → kitchen"}
{"ts": "2026-09-24 20:35:09", "user": "Administator", "action": "delete", "entity": "queue", "ref": "3", "detail": "ajsiojfsfsf"}
{"ts": "2026-09-24 20:35:29", "user": "Administator", "action": "update", "entity": "users", "ref": "1", "detail": "points: 999 → 100000"}
{"ts": "2026-09-24 20:41:35", "user": "Administator", "action": "update", "entity": "menu", "ref": "1", "detail": "description:  → กระเพราหมูสับแสนอร่อย"}
{"ts": "2026-09-24 20:42:02", "user": "Administator", "action": "logout", "entity": "auth", "ref": "", "detail": ""}
{"ts": "2026-09-24 20:42:07", "user": "testuser1234", "action": "login", "entity": "auth", "ref": "", "detail": ""}
{"ts": "2026-09-24 20:42:19", "user": "testuser1234", "action": "logout", "entity": "auth", "ref": "", "detail": ""}
{"ts": "2026-09-24 20:42:21", "user": "testuser1234", "action": "login", "entity": "auth", "ref": "", "detail": ""}
{"ts": "2026-09-24 20:42:22", "user": "testuser1234", "action": "logout", "entity": "auth", "ref": "", "detail": ""}
{"ts": "2026-09-24 20:42:24", "user": "CashierUser1", "action": "login", "entity": "auth", "ref": "", "detail": ""}
{"ts": "2026-09-24 20:42:25", "user": "CashierUser1", "action": "logout", "entity": "auth", "ref": "", "detail": ""}
{"ts": "2026-09-24 20:42:27", "user": "Administator", "action": "login", "entity": "auth", "ref": "", "detail": ""}
{"ts": "2026-09-24 20:42:36", "user": "Administator", "action": "logout", "entity": "auth", "ref": "", "detail": ""}
{"ts": "2026-09-24 20:51:29", "user": "Administator", "action": "login", "entity": "auth", "ref": "", "detail": ""}
{"ts": "2026-09-24 20:58:43", "user": "Nonnaphatzaza", "action": "login", "entity": "auth", "ref": "", "detail": ""}
{"ts": "2026-09-24 21:33:40", "user": "Nonnaphatzaza", "action": "logout", "entity": "auth", "ref": "", "detail": ""}
{"ts": "2026-09-24 21:33:45", "user": "Administator", "action": "login", "entity": "auth", "ref": "", "detail": ""}
{"ts": "2026-09-24 21:36:52", "user": "Administator", "action": "update", "entity": "users", "ref": "2", "detail": "session_version: None → 1, เปลี่ยนรหัสผ่าน"}
{"ts": "2026-09-24 21:47:15", "user": "Administator", "action": "logout", "entity": "auth", "ref": "", "detail": ""}
{"ts": "2026-09-24 21:47:17", "user": "Nonnaphatzaza", "action": "login", "entity": "auth", "ref": "", "detail": ""}
{"ts": "2026-09-24 21:47:20", "user": "Nonnaphatzaza", "action": "logout", "entity": "auth", "ref": "", "detail": ""}
{"ts": "2026-09-24 21:47:34", "user": "Nonnaphatzaza", "action": "login", "entity": "auth", "ref": "", "detail": ""}
{"ts": "2026-09-24 22:54:13", "user": "Nonnaphatzaza", "action": "logout", "entity": "auth", "ref": "", "detail": ""}
{"ts": "2026-09-24 22:54:15", "user": "Administator", "action": "login", "entity": "auth", "ref": "", "detail": ""}
{"ts": "2026-09-24 23:04:59", "user": "Administator", "action": "logout", "entity": "auth", "ref": "", "detail": ""}
{"ts": "2026-09-24 23:07:41", "user": "Nonnaphatzaza", "action": "login", "entity": "auth", "ref": "", "detail": ""}
{"ts": "2026-09-24 23:07:49", "user": "Nonnaphatzaza", "action": "logout", "entity": "auth", "ref": "", "detail": ""}
{"ts": "2026-09-24 23:08:54", "user": "Nonnaphatzaza", "action": "login", "entity": "auth", "ref": "", "detail": ""}
{"ts": "2026-09-24 23:08:59", "user": "Administator", "action": "login", "entity": "auth", "ref": "", "detail": ""}
{"ts": "2026-09-24 23:10:20", "user": "Administator", "action": "logout", "entity": "auth", "ref": "", "detail": ""}
{"ts": "2026-09-24 23:10:22", "user": "CashierUser1", "action": "login", "entity": "auth", "ref": "", "detail": ""}
{"ts": "2026-09-24 23:10:28", "user": "CashierUser1", "action": "checkout", "entity": "bills", "ref": "3", "detail": "R20260924-0003 T1 ฿70.62 (card)"}
{"ts": "2026-09-24 23:12:33", "user": "CashierUser1", "action": "logout", "entity": "auth", "ref": "", "detail": ""}
{"ts": "2026-09-24 23:12:36", "user": "CashierUser1", "action": "login", "entity": "auth", "ref": "", "detail": ""}
{"ts": "2026-09-24 23:13:15", "user": "CashierUser1", "action": "update", "entity": "queue", "ref": "4", "detail": "status: waiting → seated"}
{"ts": "2026-09-24 23:13:30", "user": "CashierUser1", "action": "table_status", "entity": "tables", "ref": "1", "detail": "T1 → occupied"}
{"ts": "2026-09-24 23:13:36", "user": "CashierUser1", "action": "logout", "entity": "auth", "ref": "", "detail": ""}
{"ts": "2026-09-24 23:13:38", "user": "Administator", "action": "login", "entity": "auth", "ref": "", "detail": ""}
{"ts": "2026-09-24 23:13:49", "user": "Administator", "action": "logout", "entity": "auth", "ref": "", "detail": ""}
{"ts": "2026-09-24 23:13:52", "user": "CashierUser1", "action": "login", "entity": "auth", "ref": "", "detail": ""}
{"ts": "2026-09-24 23:13:58", "user": "CashierUser1", "action": "table_status", "entity": "tables", "ref": "1", "detail": "T1 → occupied"}
{"ts": "2026-09-24 23:14:28", "user": "CashierUser1", "action": "logout", "entity": "auth", "ref": "", "detail": ""}
{"ts": "2026-09-24 23:14:37", "user": "testuser1234", "action": "login", "entity": "auth", "ref": "", "detail": ""}
{"ts": "2026-09-24 23:15:05", "user": "testuser1234", "action": "logout", "entity": "auth", "ref": "", "detail": ""}
{"ts": "2026-09-24 23:15:09", "user": "CashierUser1", "action": "login", "entity": "auth", "ref": "", "detail": ""}
{"ts": "2026-09-24 23:16:32", "user": "CashierUser1", "action": "checkout", "entity": "bills", "ref": "4", "detail": "R20260924-0004 T1 ฿494.34 (cash)"}
{"ts": "2026-09-24 23:25:53", "user": "CashierUser1", "action": "logout", "entity": "auth", "ref": "", "detail": ""}
{"ts": "2026-09-24 23:25:55", "user": "Administator", "action": "login", "entity": "auth", "ref": "", "detail": ""}
{"ts": "2026-09-24 23:35:11", "user": "Administator", "action": "logout", "entity": "auth", "ref": "", "detail": ""}
{"ts": "2026-09-24 23:35:14", "user": "CashierUser1", "action": "login", "entity": "auth", "ref": "", "detail": ""}
{"ts": "2026-09-24 23:35:16", "user": "CashierUser1", "action": "logout", "entity": "auth", "ref": "", "detail": ""}
{"ts": "2026-09-24 23:35:18", "user": "Administator", "action": "login", "entity": "auth", "ref": "", "detail": ""}
{"ts": "2026-09-24 23:36:00", "user": "Administator", "action": "logout", "entity": "auth", "ref": "", "detail": ""}
{"ts": "2026-09-24 23:36:03", "user": "CashierUser1", "action": "login", "entity": "auth", "ref": "", "detail": ""}
{"ts": "2026-09-24 23:36:23", "user": "CashierUser1", "action": "table_status", "entity": "tables", "ref": "1", "detail": "T1 → occupied"}
{"ts": "2026-09-24 23:37:00", "user": "CashierUser1", "action": "checkout", "entity": "bills", "ref": "5", "detail": "R20260924-0005 T1 ฿494.34 (cash)"}
{"ts": "2026-09-24 23:37:20", "user": "CashierUser1", "action": "logout", "entity": "auth", "ref": "", "detail": ""}
{"ts": "2026-09-24 23:37:22", "user": "CashierUser1", "action": "login", "entity": "auth", "ref": "", "detail": ""}
{"ts": "2026-09-24 23:37:25", "user": "CashierUser1", "action": "logout", "entity": "auth", "ref": "", "detail": ""}
{"ts": "2026-09-24 23:38:31", "user": "Administator", "action": "login", "entity": "auth", "ref": "", "detail": ""}
{"ts": "2026-09-24 23:45:47", "user": "Administator", "action": "update", "entity": "menu", "ref": "1", "detail": "ไม่มีการเปลี่ยนแปลง"}
{"ts": "2026-09-24 23:45:51", "user": "Administator", "action": "update", "entity": "menu", "ref": "2", "detail": "ไม่มีการเปลี่ยนแปลง"}
{"ts": "2026-09-24 23:45:58", "user": "Administator", "action": "update", "entity": "menu", "ref": "3", "detail": "ไม่มีการเปลี่ยนแปลง"}
{"ts": "2026-09-24 23:46:03", "user": "Administator", "action": "update", "entity": "menu", "ref": "6", "detail": "ไม่มีการเปลี่ยนแปลง"}
{"ts": "2026-09-24 23:46:06", "user": "Administator", "action": "update", "entity": "menu", "ref": "7", "detail": "ไม่มีการเปลี่ยนแปลง"}
{"ts": "2026-09-24 23:46:10", "user": "Administator", "action": "update", "entity": "menu", "ref": "5", "detail": "ไม่มีการเปลี่ยนแปลง"}
{"ts": "2026-09-24 23:46:13", "user": "Administator", "action": "update", "entity": "menu", "ref": "4", "detail": "ไม่มีการเปลี่ยนแปลง"}
{"ts": "2026-09-24 23:46:16", "user": "Administator", "action": "update", "entity": "menu", "ref": "3", "detail": "ไม่มีการเปลี่ยนแปลง"}
{"ts": "2026-09-24 23:51:02", "user": "Administator", "action": "logout", "entity": "auth", "ref": "", "detail": ""}
{"ts": "2026-09-24 23:51:05", "user": "CashierUser1", "action": "login", "entity": "auth", "ref": "", "detail": ""}
{"ts": "2026-09-24 23:51:06", "user": "CashierUser1", "action": "logout", "entity": "auth", "ref": "", "detail": ""}
{"ts": "2026-09-24 23:51:11", "user": "testuser1234", "action": "login", "entity": "auth", "ref": "", "detail": ""}
{"ts": "2026-09-24 23:51:24", "user": "testuser1234", "action": "logout", "entity": "auth", "ref": "", "detail": ""}
{"ts": "2026-09-24 23:51:27", "user": "testuser1234", "action": "login", "entity": "auth", "ref": "", "detail": ""}
{"ts": "2026-09-24 23:58:20", "user": "testuser1234", "action": "logout", "entity": "auth", "ref": "", "detail": ""}
{"ts": "2026-09-24 23:58:24", "user": "Nonnaphatzaza", "action": "login", "entity": "auth", "ref": "", "detail": ""}
{"ts": "2026-09-28 23:19:34", "user": "Nonnaphatzaza", "action": "login", "entity": "auth", "ref": "", "detail": ""}
{"ts": "2026-09-28 23:22:49", "user": "Nonnaphatzaza", "action": "logout", "entity": "auth", "ref": "", "detail": ""}
{"ts": "2026-09-28 23:23:02", "user": "Nonnaphatzaza", "action": "logout", "entity": "auth", "ref": "", "detail": ""}
{"ts": "2026-09-28 23:23:05", "user": "Administator", "action": "login", "entity": "auth", "ref": "", "detail": ""}
{"ts": "2026-09-28 23:26:13", "user": "Administator", "action": "logout", "entity": "auth", "ref": "", "detail": ""}
{"ts": "2026-09-28 23:26:16", "user": "CashierUser1", "action": "login", "entity": "auth", "ref": "", "detail": ""}
{"ts": "2026-09-28 23:26:28", "user": "Nonnaphatzaza", "action": "login", "entity": "auth", "ref": "", "detail": ""}
{"ts": "2026-09-29 14:32:40", "user": "Nonnaphatzaza", "action": "login", "entity": "auth", "ref": "", "detail": ""}
{"ts": "2026-09-29 14:33:03", "user": "Nonnaphatzaza", "action": "login", "entity": "auth", "ref": "", "detail": ""}
{"ts": "2026-09-29 14:33:05", "user": "Nonnaphatzaza", "action": "logout", "entity": "auth", "ref": "", "detail": ""}
{"ts": "2026-09-29 14:33:08", "user": "Administator", "action": "login", "entity": "auth", "ref": "", "detail": ""}
{"ts": "2026-09-29 14:33:30", "user": "Administator", "action": "update", "entity": "tables", "ref": "1", "detail": "ไม่มีการเปลี่ยนแปลง"}
{"ts": "2026-09-29 14:33:32", "user": "Administator", "action": "logout", "entity": "auth", "ref": "", "detail": ""}
{"ts": "2026-09-29 14:33:34", "user": "CashierUser1", "action": "login", "entity": "auth", "ref": "", "detail": ""}
{"ts": "2026-09-29 17:17:56", "user": "CashierUser1", "action": "logout", "entity": "auth", "ref": "", "detail": ""}
{"ts": "2026-09-29 17:17:58", "user": "Administator", "action": "login", "entity": "auth", "ref": "", "detail": ""}
{"ts": "2026-09-29 17:17:59", "user": "Administator", "action": "logout", "entity": "auth", "ref": "", "detail": ""}
{"ts": "2026-09-29 17:18:07", "user": "Administator", "action": "login", "entity": "auth", "ref": "", "detail": ""}
{"ts": "2026-09-29 17:18:20", "user": "Administator", "action": "checkout", "entity": "bills", "ref": "6", "detail": "R20260929-0006 T1 ฿70.62 (cash)"}
{"ts": "2026-09-29 22:21:15", "user": "Administator", "action": "logout", "entity": "auth", "ref": "", "detail": ""}
{"ts": "2026-09-29 22:21:17", "user": "CashierUser1", "action": "login", "entity": "auth", "ref": "", "detail": ""}
{"ts": "2026-09-29 22:21:39", "user": "CashierUser1", "action": "logout", "entity": "auth", "ref": "", "detail": ""}
{"ts": "2026-09-29 22:21:41", "user": "Administator", "action": "login", "entity": "auth", "ref": "", "detail": ""}
{"ts": "2026-09-29 22:26:58", "user": "Administator", "action": "logout", "entity": "auth", "ref": "", "detail": ""}
{"ts": "2026-09-29 22:27:01", "user": "CashierUser1", "action": "login", "entity": "auth", "ref": "", "detail": ""}
{"ts": "2026-09-29 22:33:08", "user": "CashierUser1", "action": "logout", "entity": "auth", "ref": "", "detail": ""}
{"ts": "2026-09-29 22:33:11", "user": "Administator", "action": "login", "entity": "auth", "ref": "", "detail": ""}
{"ts": "2026-09-29 22:33:58", "user": "Administator", "action": "logout", "entity": "auth", "ref": "", "detail": ""}
{"ts": "2026-09-29 22:34:01", "user": "CashierUser1", "action": "login", "entity": "auth", "ref": "", "detail": ""}
{"ts": "2026-09-29 22:58:50", "user": "CashierUser1", "action": "delete", "entity": "queue", "ref": "4", "detail": "Manee"}
{"ts": "2026-09-29 23:12:57", "user": "CashierUser1", "action": "checkout", "entity": "bills", "ref": "7", "detail": "R20260929-0007 T1 ฿105.93 (cash)"}
{"ts": "2026-10-01 20:21:19", "user": "Admin", "action": "login_failed", "entity": "auth", "ref": "", "detail": "127.0.0.1"}
{"ts": "2026-10-01 20:21:22", "user": "Admin", "action": "login_failed", "entity": "auth", "ref": "", "detail": "127.0.0.1"}
{"ts": "2026-10-01 20:23:53", "user": "Admin", "action": "login_failed", "entity": "auth", "ref": "", "detail": "127.0.0.1"}
{"ts": "2026-10-01 20:23:59", "user": "Admin", "action": "login_failed", "entity": "auth", "ref": "", "detail": "127.0.0.1"}
{"ts": "2026-10-01 20:24:07", "user": "Admin", "action": "login_failed", "entity": "auth", "ref": "", "detail": "127.0.0.1"}
{"ts": "2026-10-01 20:28:12", "user": "Admin", "action": "login_failed", "entity": "auth", "ref": "", "detail": "127.0.0.1"}
{"ts": "2026-10-01 20:28:21", "user": "Admin", "action": "login_failed", "entity": "auth", "ref": "", "detail": "127.0.0.1"}
{"ts": "2026-10-01 21:27:52", "user": "Admin", "action": "login_failed", "entity": "auth", "ref": "", "detail": "127.0.0.1"}
{"ts": "2026-10-01 21:27:57", "user": "Admin", "action": "login_failed", "entity": "auth", "ref": "", "detail": "127.0.0.1"}
{"ts": "2026-10-01 21:30:11", "user": "Nonnaphatzaza", "action": "login", "entity": "auth", "ref": "", "detail": ""}
{"ts": "2026-10-01 22:09:22", "user": "Nonnaphatzaza", "action": "update", "entity": "users", "ref": "1", "detail": "session_version: None → 1, เปลี่ยนรหัสผ่าน"}
